<?xml version="1.0" encoding="UTF-8"?>
<TestRun id="63853410-75b5-4b64-8251-8c11752b7465" name="Farid@MICROSOFT-PC 2013-01-05 17:00:35" runUser="MICROSOFT-PC\Farid" xmlns="http://microsoft.com/schemas/VisualStudio/TeamTest/2006">
  <TestRunConfiguration name="Local Test Run" id="36ce4557-74e4-46ea-908d-eac4d95bdf41">
    <Description>This is a default test run configuration for a local test run.</Description>
    <Deployment runDeploymentRoot="C:\Projects\mss-mobile\MSS.WinMobile\TestResults\Farid_MICROSOFT-PC 2013-01-05 17_00_35">
      <DeploymentItem filename="C:\Projects\mss-mobile\Vendor\JSON.NET\Bin\Net20\Newtonsoft.Json.dll" />
      <DeploymentItem filename="C:\Projects\mss-mobile\MSS.WinMobile\Mss.WinMobile.Domain.Model\bin\Debug\Mss.WinMobile.Domain.Model.dll" />
      <DeploymentItem filename="C:\Projects\mss-mobile\MSS.WinMobile\MSS.WinMobile.Infrastructure.Server\bin\Debug\MSS.WinMobile.Infrastructure.Server.dll" />
    </Deployment>
    <TestTypeSpecific />
  </TestRunConfiguration>
  <ResultSummary outcome="Completed">
    <Counters total="1" executed="1" passed="1" error="0" failed="0" timeout="0" aborted="0" inconclusive="0" passedButRunAborted="0" notRunnable="0" notExecuted="0" disconnected="0" warning="0" completed="0" inProgress="0" pending="0" />
  </ResultSummary>
  <Times creation="2013-01-05T17:00:35.3830000+03:00" queuing="2013-01-05T17:00:36.4454000+03:00" start="2013-01-05T17:00:36.7154000+03:00" finish="2013-01-05T17:00:38.2954000+03:00" />
  <TestDefinitions>
    <UnitTest name="AddTest" storage="c:\projects\mss-mobile\mss.winmobile\mss.winmobile.infrastructure.server.tests\bin\debug\mss.winmobile.infrastructure.server.tests.dll" id="ce73b693-d7b6-c5c2-8294-7d5fa6d9c811">
      <Css projectStructure="" iteration="" />
      <Owners>
        <Owner name="" />
      </Owners>
      <Execution id="adc90b71-9423-46f9-b1e7-a0e79e205058" />
      <TestMethod codeBase="C:\Projects\mss-mobile\MSS.WinMobile\MSS.WinMobile.Infrastructure.Server.Tests\bin\Debug\MSS.WinMobile.Infrastructure.Server.Tests.dll" adapterTypeName="Microsoft.VisualStudio.TestTools.TestTypes.Unit.UnitTestAdapter, Microsoft.VisualStudio.QualityTools.Tips.UnitTest.Adapter, Version=9.0.0.0, Culture=neutral, PublicKeyToken=b03f5f7f11d50a3a" className="MSS.WinMobile.Infrastructure.Server.Tests.GenericRepositoryTest, MSS.WinMobile.Infrastructure.Server.Tests" name="AddTest" />
    </UnitTest>
  </TestDefinitions>
  <TestLists>
    <TestList name="Results Not in a List" id="8c84fa94-04c1-424b-9868-57a2d4851a1d" />
    <TestList name="All Loaded Results" id="19431567-8539-422a-85d7-44ee4e166bda" />
  </TestLists>
  <TestEntries>
    <TestEntry testId="ce73b693-d7b6-c5c2-8294-7d5fa6d9c811" executionId="adc90b71-9423-46f9-b1e7-a0e79e205058" testListId="8c84fa94-04c1-424b-9868-57a2d4851a1d" />
  </TestEntries>
  <Results>
    <UnitTestResult executionId="adc90b71-9423-46f9-b1e7-a0e79e205058" testId="ce73b693-d7b6-c5c2-8294-7d5fa6d9c811" testName="AddTest" computerName="MICROSOFT-PC" duration="00:00:01.0348806" startTime="2013-01-05T17:00:36.8054000+03:00" endTime="2013-01-05T17:00:38.2154000+03:00" testType="13cdc9d9-ddb5-4fa4-a97d-d965ccfc6d4b" outcome="Passed" testListId="8c84fa94-04c1-424b-9868-57a2d4851a1d">
      <Output>
      </Output>
    </UnitTestResult>
  </Results>
</TestRun>